PLINK v2.0.0-a.7.3 M1 (8 Aug 2026)
Options in effect:
  --bad-freqs
  --chr-set 20 no-x no-y no-xy no-mt
  --extract /Users/pete/Desktop/playground/enhancer/r_files/revision/hrdp_genotype_diversity/results/plink2_primary/hrdp_complete_ld_pruned.prune.in
  --out /Users/pete/Desktop/playground/enhancer/r_files/revision/hrdp_genotype_diversity/results/plink2_primary/hrdp_complete_ld_pruned_pca
  --pca 5
  --pfile /Users/pete/Desktop/playground/enhancer/r_files/revision/hrdp_genotype_diversity/results/plink2_primary/hrdp_complete

Hostname: pete_studio
Working directory: /Users/pete/Desktop/playground/enhancer
Start time: Mon Aug 17 16:44:08 2026

Random number seed: 1787003048
36864 MiB RAM detected; reserving 18432 MiB for main workspace.
Using up to 14 threads (change this with --threads).
10 samples (0 females, 10 males; 10 founders) loaded from
/Users/pete/Desktop/playground/enhancer/r_files/revision/hrdp_genotype_diversity/results/plink2_primary/hrdp_complete.psam.
22854 variants loaded from
/Users/pete/Desktop/playground/enhancer/r_files/revision/hrdp_genotype_diversity/results/plink2_primary/hrdp_complete.pvar.
Note: No phenotype data present.
--extract: 1509 variants remaining.
Calculating allele frequencies... done.
1509 variants remaining after main filters.
Constructing GRM: done.
Extracting eigenvalues and eigenvectors... done.
--pca: Eigenvectors written to
/Users/pete/Desktop/playground/enhancer/r_files/revision/hrdp_genotype_diversity/results/plink2_primary/hrdp_complete_ld_pruned_pca.eigenvec
, and eigenvalues written to
/Users/pete/Desktop/playground/enhancer/r_files/revision/hrdp_genotype_diversity/results/plink2_primary/hrdp_complete_ld_pruned_pca.eigenval
.

End time: Mon Aug 17 16:44:08 2026
