PLINK v2.0.0-a.7.3 M1 (8 Aug 2026)
Options in effect:
  --chr-set 20 no-x no-y no-xy no-mt
  --make-pgen
  --out /Users/pete/Desktop/playground/enhancer/r_files/revision/hrdp_genotype_diversity/results/plink2_primary/hrdp_complete
  --pedmap /Users/pete/Desktop/playground/enhancer/r_files/revision/hrdp_genotype_diversity/results/plink2_primary/hrdp_ten_libraries_complete

Hostname: pete_studio
Working directory: /Users/pete/Desktop/playground/enhancer
Start time: Mon Aug 17 16:33:11 2026

Random number seed: 1787002391
36864 MiB RAM detected; reserving 18432 MiB for main workspace.
Using up to 14 threads (change this with --threads).
--pedmap: 22854 variants in .map file.
--pedmap: 10 samples present, genotypes extracted to
/Users/pete/Desktop/playground/enhancer/r_files/revision/hrdp_genotype_diversity/results/plink2_primary/hrdp_complete-temporary.bed.smaj
.
Transposing sample-major .bed to
/Users/pete/Desktop/playground/enhancer/r_files/revision/hrdp_genotype_diversity/results/plink2_primary/hrdp_complete-temporary.pgen
, and setting major alleles to provisional-REF.
Transpose complete.
--pedmap:
/Users/pete/Desktop/playground/enhancer/r_files/revision/hrdp_genotype_diversity/results/plink2_primary/hrdp_complete-temporary.pgen
+
/Users/pete/Desktop/playground/enhancer/r_files/revision/hrdp_genotype_diversity/results/plink2_primary/hrdp_complete-temporary.pvar
+
/Users/pete/Desktop/playground/enhancer/r_files/revision/hrdp_genotype_diversity/results/plink2_primary/hrdp_complete-temporary.psam
written. .bed.smaj and .fam.tmp temporary files deleted.
10 samples (0 females, 10 males; 10 founders) loaded from
/Users/pete/Desktop/playground/enhancer/r_files/revision/hrdp_genotype_diversity/results/plink2_primary/hrdp_complete-temporary.psam.
22854 variants loaded from
/Users/pete/Desktop/playground/enhancer/r_files/revision/hrdp_genotype_diversity/results/plink2_primary/hrdp_complete-temporary.pvar.
Note: No phenotype data present.
Writing
/Users/pete/Desktop/playground/enhancer/r_files/revision/hrdp_genotype_diversity/results/plink2_primary/hrdp_complete.psam
... done.
Writing
/Users/pete/Desktop/playground/enhancer/r_files/revision/hrdp_genotype_diversity/results/plink2_primary/hrdp_complete.pvar
... done.
Writing
/Users/pete/Desktop/playground/enhancer/r_files/revision/hrdp_genotype_diversity/results/plink2_primary/hrdp_complete.pgen
... done.

End time: Mon Aug 17 16:33:11 2026
